// Jest Snapshot v1, https://goo.gl/fbAQLP

exports[`Testing overview component Component should successfully rendered 1`] = `
Array [
  <div
    className="movie-rating"
  >
    <div
      className="movie-rating__score"
    >
      0.5
    </div>
    <p
      className="movie-rating__meta"
    >
      <span
        className="movie-rating__level"
      >
        Bad
      </span>
      <span
        className="movie-rating__count"
      >
        125
         ratings
      </span>
    </p>
  </div>,
  <div
    className="movie-card__text"
  >
    Text Text Text
    <p
      className="movie-card__director"
    >
      <strong>
        Director: 
        Me
      </strong>
    </p>
    <p
      className="movie-card__starring"
    >
      <strong>
        Starring: 
        One Two
      </strong>
    </p>
  </div>,
]
`;
