// Jest Snapshot v1, https://goo.gl/fbAQLP

exports[`Testing More like films component Component should successfully rendered 1`] = `
<div
  className="catalog__movies-list"
>
  <article
    className="small-movie-card catalog__movies-card"
    onMouseLeave={[Function]}
    onMouseOver={[Function]}
  >
    <a
      className="c-inherit"
      href="/film-detail/1"
      onClick={[Function]}
    >
      <div
        className="small-movie-card__image"
      >
        <video
          className="player__video"
          muted={true}
          poster="img/fantastic-beasts-the-crimes-of-grindelwald.jpg"
        />
      </div>
      <h3
        className="small-movie-card__title"
      >
        Fantastic Beasts: The Crimes of Grindelwald
      </h3>
    </a>
  </article>
  <article
    className="small-movie-card catalog__movies-card"
    onMouseLeave={[Function]}
    onMouseOver={[Function]}
  >
    <a
      className="c-inherit"
      href="/film-detail/2"
      onClick={[Function]}
    >
      <div
        className="small-movie-card__image"
      >
        <video
          className="player__video"
          muted={true}
          poster="img/fantastic-beasts-the-crimes-of-grindelwald.jpg"
        />
      </div>
      <h3
        className="small-movie-card__title"
      >
        Fantastic Beasts: The Crimes of Grindelwald
      </h3>
    </a>
  </article>
</div>
`;
