// Jest Snapshot v1, https://goo.gl/fbAQLP

exports[`Testing reviews component Component should successfully rendered 1`] = `
<div
  className="movie-card__reviews movie-card__row"
>
  <div
    className="movie-card__reviews-col"
  >
    <div
      className="review"
    >
      <blockquote
        className="review__quote"
      >
        <p
          className="review__text"
        >
          Text new
        </p>
        <footer
          className="review__details"
        >
          <cite
            className="review__author"
          >
            Maxim
          </cite>
          <time
            className="review__date"
            dateTime="2020-7-29"
          >
            July 29, 2020
          </time>
        </footer>
      </blockquote>
      <div
        className="review__rating"
      >
        10
      </div>
    </div>
  </div>
  <div
    className="movie-card__reviews-col"
  >
    <div
      className="review"
    >
      <blockquote
        className="review__quote"
      >
        <p
          className="review__text"
        >
          Text
        </p>
        <footer
          className="review__details"
        >
          <cite
            className="review__author"
          >
            Maxim
          </cite>
          <time
            className="review__date"
            dateTime="2020-7-29"
          >
            July 29, 2020
          </time>
        </footer>
      </blockquote>
      <div
        className="review__rating"
      >
        6
      </div>
    </div>
  </div>
</div>
`;
