// Jest Snapshot v1, https://goo.gl/fbAQLP

exports[`Testing FilmDetails component Component should successfully rendered 1`] = `ReactWrapper {}`;
