// Jest Snapshot v1, https://goo.gl/fbAQLP

exports[`Testing AddReview component Component should successfully rendered 1`] = `
<div
  className="loading-page"
>
  <div
    className="lds-ring"
  >
    <div />
    <div />
    <div />
    <div />
  </div>
</div>
`;
