// Jest Snapshot v1, https://goo.gl/fbAQLP

exports[`Testing Main component Component should successfully rendered 1`] = `ReactWrapper {}`;
